ASxxxx Linker V03.00 + NoICE + sdld,  page 1.
Hexadecimal  [32-Bits]

Area                                    Addr        Size        Decimal Bytes (Attributes)
--------------------------------        ----        ----        ------- ----- ------------
.  .ABS.                            00000000    00000000 =           0. bytes (ABS,CON)

      Value  Global                              Global Defined In Module
      -----  --------------------------------   ------------------------
     00000000  .__.ABS.                           cpct_video
     00000000  l__CABS                         
     00000000  l__DABS                         
     00000000  l__GSFINAL                      
     00000000  l__GSINIT                       
     00000000  l__HOME                         
     00000000  l__INITIALIZED                  
     00000000  l__INITIALIZER                  
     00000000  s__CABS                         
     00000000  s__DABS                         
     00000001  DIRECT_W                           Game_Manager
     00000002  DIRECT_A                           Game_Manager
     00000004  DIRECT_S                           Game_Manager
     00000008  DIRECT_D                           Game_Manager
     00000079  l__DATA                         
     00000CF4  l__CODE                         
     00004000  s__CODE                         
     00004CF4  s__DATA                         
     00004D6D  s__GSFINAL                      
     00004D6D  s__GSINIT                       
     00004D6D  s__HOME                         
     00004D6D  s__INITIALIZED                  
     00004D6D  s__INITIALIZER                  

ASxxxx Linker V03.00 + NoICE + sdld,  page 2.
Hexadecimal  [32-Bits]

Area                                    Addr        Size        Decimal Bytes (Attributes)
--------------------------------        ----        ----        ------- ----- ------------
_CODE                               00004000    00000CF4 =        3316. bytes (REL,CON)

      Value  Global                              Global Defined In Module
      -----  --------------------------------   ------------------------
     00004000  _spr_sprite4_A                     sprite4_A
     00004080  _spr_sprite3_A                     sprite3_A
     00004100  _spr_sprite2_A                     sprite2_A
     00004180  _spr_sprite1_A                     sprite1_A
     00004200  _spr_sprite4_W                     sprite4_W
     00004280  _spr_sprite3_W                     sprite3_W
     00004300  _spr_sprite2_W                     sprite2_W
     00004380  _spr_sprite1_W                     sprite1_W
     00004400  _spr_sprite4_S                     sprite4_S
     00004480  _spr_sprite3_S                     sprite3_S
     00004500  _spr_sprite2_S                     sprite2_S
     00004580  _spr_sprite1_S                     sprite1_S
     00004600  _main_palette                      main_palette
     00004610  _main                              Main
     00004619  desactive_animating                System_Animation
     0000461F  active_animation                   System_Animation
     00004625  check_animation                    System_Animation
     000046A0  _sys_animations_update             System_Animation
     000046AA  sys_collisions_update_entities     System_Collision
     000046F9  _sys_collision_update              System_Collision
     00004723  _sys_ai_update                     System_IA
     000047B5  _sys_input_update                  System_Input
     000047BF  choose_axis                        System_physics
     000047C0  stop_sprite                        System_physics
     000047CD  choose_axis_x                      System_physics
     000047D3  choose_axis_y                      System_physics
     000047D9  setvelocity                        System_physics
     0000483B  _sys_physics_update                System_physics
     000048B6  _sys_render_update                 System_Render
     000048C0  _sys_render_init                   System_Render
     000048D5  _man_entity_init                   Entity_Manager
     000048F0  _man_entity_create                 Entity_Manager
     0000490F  _man_entity_clone                  Entity_Manager
     0000491D  _man_entity_set_for_destruction    Entity_Manager
     00004926  man_entity_destroy                 Entity_Manager
     00004948  _man_entity_for_all                Entity_Manager
     00004982  _man_entity_for_all_matching       Entity_Manager
     000049D3  _man_entity_for_all_pairs_matchi   Entity_Manager
     00004A5B  _man_entity_update                 Entity_Manager
     00004A7B  _man_entity_free_space             Entity_Manager
     00004A97  man_game_create_template_entity    Game_Manager
     00004AAC  man_game_init                      Game_Manager
     00004AB6  man_game_play                      Game_Manager
     00004ACD  cpct_setPalette_asm                cpct_video
     00004AE0  _cpct_scanKeyboard_f               cpct_keyboard
     00004AE0  cpct_scanKeyboard_f_asm            cpct_keyboard
     00004B4A  _cpct_isKeyPressed                 cpct_keyboard
     00004B4A  cpct_isKeyPressed_asm              cpct_keyboard
     00004B56  cpct_setPALColour_asm              cpct_video
     00004B60  cpct_drawSprite_asm                cpct_sprites
ASxxxx Linker V03.00 + NoICE + sdld,  page 3.
Hexadecimal  [32-Bits]

Area                                    Addr        Size        Decimal Bytes (Attributes)
--------------------------------        ----        ----        ------- ----- ------------
_CODE                               00004000    00000CF4 =        3316. bytes (REL,CON)

      Value  Global                              Global Defined In Module
      -----  --------------------------------   ------------------------
     00004C00  _cpct_keyboardStatusBuffer         cpct_keyboard
     00004C0A  cpct_waitHalts_asm                 cpct_memutils
     00004C0E  _cpct_waitVSYNC                    cpct_video
     00004C0E  cpct_waitVSYNC_asm                 cpct_video
     00004C16  cpct_setVideoMode_asm              cpct_video
     00004C23  cpct_memset_asm                    cpct_memutils
     00004C2B  cpct_memcpy_asm                    cpct_memutils
     00004C2E  _cpct_disableFirmware              cpct_firmware
     00004C2E  _cpct_removeInterruptHandler       cpct_firmware
     00004C2E  cpct_disableFirmware_asm           cpct_firmware
     00004C2E  cpct_removeInterruptHandler_asm    cpct_firmware
     00004C3E  cpct_drawSolidBox_asm              cpct_sprites
     00004CE1  _cpct_mode_rom_status              cpct_firmware
     00004CE2  cpct_getScreenPtr_asm              cpct_video

ASxxxx Linker V03.00 + NoICE + sdld,  page 4.
Hexadecimal  [32-Bits]

Area                                    Addr        Size        Decimal Bytes (Attributes)
--------------------------------        ----        ----        ------- ----- ------------
_DATA                               00004CF4    00000079 =         121. bytes (REL,CON)

      Value  Global                              Global Defined In Module
      -----  --------------------------------   ------------------------
     00004CF4  animation_state                    System_Animation
     00004CF5  _m_palette                         System_Render
     00004D05  anim_W                             Animation_Manager
     00004D14  anim_A                             Animation_Manager
     00004D23  anim_S                             Animation_Manager
     00004D32  anim_D                             Animation_Manager
     00004D41  m_entities                         Entity_Manager
     00004D56  m_next_free_entity                 Entity_Manager
     00004D58  m_reserved_entites                 Entity_Manager
     00004D59  playership_template0_e             Templates_Manager

ASxxxx Linker V03.00 + NoICE + sdld,  page 5.

Files Linked                              [ module(s) ]

obj/sprites/sprite4_A.rel                 [ sprite4_A ]
obj/sprites/sprite3_A.rel                 [ sprite3_A ]
obj/sprites/sprite2_A.rel                 [ sprite2_A ]
obj/sprites/sprite1_A.rel                 [ sprite1_A ]
obj/sprites/sprite4_W.rel                 [ sprite4_W ]
obj/sprites/sprite3_W.rel                 [ sprite3_W ]
obj/sprites/sprite2_W.rel                 [ sprite2_W ]
obj/sprites/sprite1_W.rel                 [ sprite1_W ]
obj/sprites/sprite4_S.rel                 [ sprite4_S ]
obj/sprites/sprite3_S.rel                 [ sprite3_S ]
obj/sprites/sprite2_S.rel                 [ sprite2_S ]
obj/sprites/sprite1_S.rel                 [ sprite1_S ]
obj/sprites/main_palette.rel              [ main_palette ]
obj/main.rel                              [ Main ]
obj/sys/animations.h.rel                  [  ]
obj/sys/animations.rel                    [ System_Animation ]
obj/sys/collision.h.rel                   [  ]
obj/sys/collision.rel                     [ System_Collision ]
obj/sys/ia.h.rel                          [  ]
obj/sys/ia.rel                            [ System_IA ]
obj/sys/input.rel                         [ System_Input ]
obj/sys/physics.h.rel                     [  ]
obj/sys/physics.rel                       [ System_physics ]
obj/sys/render.h.rel                      [  ]
obj/sys/render.rel                        [ System_Render ]
obj/man/animation.h.rel                   [  ]
obj/man/animation.rel                     [ Animation_Manager ]
obj/man/entity.h.rel                      [  ]
obj/man/entity.rel                        [ Entity_Manager ]
obj/man/entity_templates.rel              [ Templates_Manager ]
obj/man/game.h.rel                        [  ]
obj/man/game.rel                          [ Game_Manager ]


Libraries Linked                          [ object file ]

/home/cpc/cpctelera/cpctelera/cpctelera.lib
                                          [ cpct_setPalette_asmbindings.rel ]
/home/cpc/cpctelera/cpctelera/cpctelera.lib
                                          [ cpct_scanKeyboard_f.rel ]
/home/cpc/cpctelera/cpctelera/cpctelera.lib
                                          [ cpct_isKeyPressed.rel ]
/home/cpc/cpctelera/cpctelera/cpctelera.lib
                                          [ cpct_setPALColour_asmbindings.re ]
/home/cpc/cpctelera/cpctelera/cpctelera.lib
                                          [ cpct_drawSprite_asmbindings.rel ]
/home/cpc/cpctelera/cpctelera/cpctelera.lib
                                          [ keyboard.rel ]
/home/cpc/cpctelera/cpctelera/cpctelera.lib
                                          [ cpct_waitHalts_asmbindings.rel ]
/home/cpc/cpctelera/cpctelera/cpctelera.lib
                                          [ cpct_waitVSYNC.rel ]
/home/cpc/cpctelera/cpctelera/cpctelera.lib
                                          [ cpct_setVideoMode_asmbindings.re ]
/home/cpc/cpctelera/cpctelera/cpctelera.lib
                                          [ cpct_memset_asmbinding.rel ]
/home/cpc/cpctelera/cpctelera/cpctelera.lib
                                          [ cpct_memcpy_asmbindings.rel ]
/home/cpc/cpctelera/cpctelera/cpctelera.lib
                                          [ cpct_removeInterruptHandler.rel ]
/home/cpc/cpctelera/cpctelera/cpctelera.lib
                                          [ cpct_drawSolidBox_asmbindings.re ]
/home/cpc/cpctelera/cpctelera/cpctelera.lib
                                          [ cpc_mode_rom_status.rel ]
/home/cpc/cpctelera/cpctelera/cpctelera.lib
                                          [ cpct_getScreenPtr_asmbindings.re ]

ASxxxx Linker V03.00 + NoICE + sdld,  page 6.

User Base Address Definitions

_CODE = 0x4000
_DATA = 0x0000

