ASxxxx Linker V03.00 + NoICE + sdld,  page 1.
Hexadecimal  [32-Bits]

Area                                    Addr        Size        Decimal Bytes (Attributes)
--------------------------------        ----        ----        ------- ----- ------------
.  .ABS.                            00000000    00000000 =           0. bytes (ABS,CON)

      Value  Global                              Global Defined In Module
      -----  --------------------------------   ------------------------
     00000000  .__.ABS.                           cpct_video
     00000000  e_x                                Entity_Manager
     00000000  l__CABS                         
     00000000  l__DABS                         
     00000000  l__DATA                         
     00000000  l__GSFINAL                      
     00000000  l__GSINIT                       
     00000000  l__HOME                         
     00000000  l__INITIALIZED                  
     00000000  l__INITIALIZER                  
     00000000  s__CABS                         
     00000000  s__DABS                         
     00000001  e_y                                Entity_Manager
     00000002  e_vx                               Entity_Manager
     00000003  e_vy                               Entity_Manager
     00000004  e_w                                Entity_Manager
     00000005  e_h                                Entity_Manager
     00000006  e_pspr_l                           Entity_Manager
     00000007  e_pspr_h                           Entity_Manager
     00000008  e_ptr_l                            Entity_Manager
     00000009  e_ptr_h                            Entity_Manager
     0000000A  entity_size                        Entity_Manager
     0000001E  max_entities                       Entity_Manager
     00000599  l__CODE                         
     00004000  s__CODE                         
     00004599  s__DATA                         
     00004599  s__GSFINAL                      
     00004599  s__GSINIT                       
     00004599  s__HOME                         
     00004599  s__INITIALIZED                  
     00004599  s__INITIALIZER                  

ASxxxx Linker V03.00 + NoICE + sdld,  page 2.
Hexadecimal  [32-Bits]

Area                                    Addr        Size        Decimal Bytes (Attributes)
--------------------------------        ----        ----        ------- ----- ------------
_CODE                               00004000    00000599 =        1433. bytes (REL,CON)

      Value  Global                              Global Defined In Module
      -----  --------------------------------   ------------------------
     00004000  _sp_ammo                           ammo
     00004008  _sp_player_ship                    player_ship
     000040C8  _g_palette                         g_palette
     000040D8  _main                              Main
     000040FB  plantilla_bala                     Entity_Manager
     00004105  plantilla_entidad                  Entity_Manager
     0000410F  _num_entities                      Entity_Manager
     00004110  _last_elem_ptr                     Entity_Manager
     00004112  _entity_array                      Entity_Manager
     0000423E  entity_man_init                    Entity_Manager
     0000424C  entity_man_create_player           Entity_Manager
     00004253  entity_man_create_ammo             Entity_Manager
     0000426A  entity_man_create                  Entity_Manager
     00004285  entity_man_destroy                 Entity_Manager
     000042A5  entity_man_getArray                Entity_Manager
     000042AE  input_sys_init                     Input_System
     000042AF  input_sys_update                   Input_System
     000042E7  physics_sys_init                   Physics_System
     000042E8  physics_sys_update                 Physics_System
     00004322  render_sys_init                    Render_System
     0000433A  render_sys_erase_previous_instan   Render_System
     0000434B  render_sys_update                  Render_System
     00004381  cpct_setPalette_asm                cpct_video
     00004394  _cpct_scanKeyboard_f               cpct_keyboard
     00004394  cpct_scanKeyboard_f_asm            cpct_keyboard
     000043FE  _cpct_isKeyPressed                 cpct_keyboard
     000043FE  cpct_isKeyPressed_asm              cpct_keyboard
     0000440A  cpct_setPALColour_asm              cpct_video
     00004414  cpct_drawSprite_asm                cpct_sprites
     000044B4  _cpct_keyboardStatusBuffer         cpct_keyboard
     000044BE  cpct_setVideoMode_asm              cpct_video
     000044CB  _cpct_waitVSYNC                    cpct_video
     000044CB  cpct_waitVSYNC_asm                 cpct_video
     000044D3  _cpct_disableFirmware              cpct_firmware
     000044D3  _cpct_removeInterruptHandler       cpct_firmware
     000044D3  cpct_disableFirmware_asm           cpct_firmware
     000044D3  cpct_removeInterruptHandler_asm    cpct_firmware
     000044E3  cpct_drawSolidBox_asm              cpct_sprites
     00004586  _cpct_mode_rom_status              cpct_firmware
     00004587  cpct_getScreenPtr_asm              cpct_video

ASxxxx Linker V03.00 + NoICE + sdld,  page 3.

Files Linked                              [ module(s) ]

obj/sprites/ammo.rel                      [ ammo ]
obj/sprites/player_ship.rel               [ player_ship ]
obj/sprites/g_palette.rel                 [ g_palette ]
obj/main.rel                              [ Main ]
obj/managers/entity_manager.rel           [ Entity_Manager ]
obj/systems/input_system.rel              [ Input_System ]
obj/systems/physics_system.rel            [ Physics_System ]
obj/systems/render_system.rel             [ Render_System ]


Libraries Linked                          [ object file ]

/home/cpc/Escritorio/cpctelera/cpctelera/cpctelera.lib
                                          [ cpct_setPalette_asmbindings.rel ]
/home/cpc/Escritorio/cpctelera/cpctelera/cpctelera.lib
                                          [ cpct_scanKeyboard_f.rel ]
/home/cpc/Escritorio/cpctelera/cpctelera/cpctelera.lib
                                          [ cpct_isKeyPressed.rel ]
/home/cpc/Escritorio/cpctelera/cpctelera/cpctelera.lib
                                          [ cpct_setPALColour_asmbindings.re ]
/home/cpc/Escritorio/cpctelera/cpctelera/cpctelera.lib
                                          [ cpct_drawSprite_asmbindings.rel ]
/home/cpc/Escritorio/cpctelera/cpctelera/cpctelera.lib
                                          [ keyboard.rel ]
/home/cpc/Escritorio/cpctelera/cpctelera/cpctelera.lib
                                          [ cpct_setVideoMode_asmbindings.re ]
/home/cpc/Escritorio/cpctelera/cpctelera/cpctelera.lib
                                          [ cpct_waitVSYNC.rel ]
/home/cpc/Escritorio/cpctelera/cpctelera/cpctelera.lib
                                          [ cpct_removeInterruptHandler.rel ]
/home/cpc/Escritorio/cpctelera/cpctelera/cpctelera.lib
                                          [ cpct_drawSolidBox_asmbindings.re ]
/home/cpc/Escritorio/cpctelera/cpctelera/cpctelera.lib
                                          [ cpc_mode_rom_status.rel ]
/home/cpc/Escritorio/cpctelera/cpctelera/cpctelera.lib
                                          [ cpct_getScreenPtr_asmbindings.re ]

ASxxxx Linker V03.00 + NoICE + sdld,  page 4.

User Base Address Definitions

_CODE = 0x4000
_DATA = 0x0000

