ASxxxx Linker V03.00 + NoICE + sdld,  page 1.
Hexadecimal  [32-Bits]

Area                                    Addr        Size        Decimal Bytes (Attributes)
--------------------------------        ----        ----        ------- ----- ------------
.  .ABS.                            00000000    00000000 =           0. bytes (ABS,CON)

      Value  Global                              Global Defined In Module
      -----  --------------------------------   ------------------------
     00000000  .__.ABS.                           cpct_video
     00000000  e_x                                Entity_Manager
     00000000  l__DATA                         
     00000001  e_y                                Entity_Manager
     00000002  e_vx                               Entity_Manager
     00000003  e_vy                               Entity_Manager
     00000004  e_w                                Entity_Manager
     00000005  e_h                                Entity_Manager
     00000006  e_color                            Entity_Manager
     00000007  e_ptr_l                            Entity_Manager
     00000008  e_ptr_h                            Entity_Manager
     00000009  entity_size                        Entity_Manager
     0000000A  max_entities                       Entity_Manager
     0000023E  l__CODE                         
     00004000  s__CODE                         
     0000423E  s__DATA                         

ASxxxx Linker V03.00 + NoICE + sdld,  page 2.
Hexadecimal  [32-Bits]

Area                                    Addr        Size        Decimal Bytes (Attributes)
--------------------------------        ----        ----        ------- ----- ------------
_CODE                               00004000    0000023E =         574. bytes (REL,CON)

      Value  Global                              Global Defined In Module
      -----  --------------------------------   ------------------------
     00004000  _main                              Main
     0000401A  _num_entities                      Entity_Manager
     0000401B  _last_elem_ptr                     Entity_Manager
     0000401D  _entity_array                      Entity_Manager
     00004089  entity_man_init                    Entity_Manager
     00004097  entity_man_create_stars            Entity_Manager
     000040A4  entity_man_create                  Entity_Manager
     000040BF  entity_man_destroy                 Entity_Manager
     000040DC  entity_man_getArray                Entity_Manager
     000040E4  physics_sys_init                   Physics_System
     000040E5  physics_sys_update                 Physics_System
     0000410E  render_sys_init                    Render_System
     0000411A  render_sys_update                  Render_System
     00004156  cpct_setPalette_asm                cpct_video
     00004169  cpct_setPALColour_asm              cpct_video
     00004173  cpct_setVideoMode_asm              cpct_video
     00004180  _cpct_waitVSYNC                    cpct_video
     00004180  cpct_waitVSYNC_asm                 cpct_video
     00004188  cpct_drawSolidBox_asm              cpct_sprites
     0000422B  _cpct_mode_rom_status              cpct_firmware
     0000422C  cpct_getScreenPtr_asm              cpct_video
ASxxxx Linker V03.00 + NoICE + sdld,  page 3.

Files Linked                              [ module(s) ]

obj/main.rel                              [ Main ]
obj/managers/entity_manager.rel           [ Entity_Manager ]
obj/systems/physics_system.rel            [ Physics_System ]
obj/systems/render_system.rel             [ Render_System ]


Libraries Linked                          [ object file ]

/home/cpc/Escritorio/cpctelera/cpctelera/cpctelera.lib
                                          [ cpct_setPalette_asmbindings.rel ]
/home/cpc/Escritorio/cpctelera/cpctelera/cpctelera.lib
                                          [ cpct_setPALColour_asmbindings.re ]
/home/cpc/Escritorio/cpctelera/cpctelera/cpctelera.lib
                                          [ cpct_setVideoMode_asmbindings.re ]
/home/cpc/Escritorio/cpctelera/cpctelera/cpctelera.lib
                                          [ cpct_waitVSYNC.rel ]
/home/cpc/Escritorio/cpctelera/cpctelera/cpctelera.lib
                                          [ cpct_drawSolidBox_asmbindings.re ]
/home/cpc/Escritorio/cpctelera/cpctelera/cpctelera.lib
                                          [ cpc_mode_rom_status.rel ]
/home/cpc/Escritorio/cpctelera/cpctelera/cpctelera.lib
                                          [ cpct_getScreenPtr_asmbindings.re ]

ASxxxx Linker V03.00 + NoICE + sdld,  page 4.

User Base Address Definitions

_CODE = 0x4000
_DATA = 0x0000

