ASxxxx Linker V03.00 + NoICE + sdld,  page 1.
Hexadecimal  [32-Bits]

Area                                    Addr        Size        Decimal Bytes (Attributes)
--------------------------------        ----        ----        ------- ----- ------------
.  .ABS.                            00000000    00000000 =           0. bytes (ABS,CON)

      Value  Global                              Global Defined In Module
      -----  --------------------------------   ------------------------
     00000000  .__.ABS.                           cpct_random
     00000000  e_x                                Entity_Manager
     00000000  l__DATA                         
     00000001  e_y                                Entity_Manager
     00000002  e_vx                               Entity_Manager
     00000003  e_w                                Entity_Manager
     00000004  e_h                                Entity_Manager
     00000005  e_color                            Entity_Manager
     00000006  e_ptr_l                            Entity_Manager
     00000007  e_ptr_h                            Entity_Manager
     00000008  entity_size                        Entity_Manager
     0000001E  max_entities                       Entity_Manager
     0000035E  l__CODE                         
     00004000  s__CODE                         
     0000435E  s__DATA                         
ASxxxx Linker V03.00 + NoICE + sdld,  page 2.
Hexadecimal  [32-Bits]

Area                                    Addr        Size        Decimal Bytes (Attributes)
--------------------------------        ----        ----        ------- ----- ------------
_CODE                               00004000    0000035E =         862. bytes (REL,CON)

      Value  Global                              Global Defined In Module
      -----  --------------------------------   ------------------------
     00004000  _main                              Main
     0000401D  plantilla_estrella                 Entity_Manager
     00004025  _num_entities                      Entity_Manager
     00004026  _last_elem_ptr                     Entity_Manager
     00004028  _entity_array                      Entity_Manager
     00004118  entity_man_init                    Entity_Manager
     00004126  entity_man_create_star             Entity_Manager
     0000412D  entity_man_create                  Entity_Manager
     00004148  entity_man_destroy                 Entity_Manager
     00004168  entity_man_getArray                Entity_Manager
     00004170  generate_sys_newStar               Generator_System
     000041B0  physics_sys_init                   Physics_System
     000041B1  physics_sys_update                 Physics_System
     000041DA  render_sys_init                    Render_System
     000041E6  render_sys_erase_previous_instan   Render_System
     000041F7  render_sys_update                  Render_System
     0000422A  cpct_setPalette_asm                cpct_video
     0000423D  cpct_setPALColour_asm              cpct_video
     00004247  cpct_setVideoMode_asm              cpct_video
     00004254  _cpct_waitVSYNC                    cpct_video
     00004254  cpct_waitVSYNC_asm                 cpct_video
     0000425C  cpct_drawSolidBox_asm              cpct_sprites
     000042FF  _cpct_getRandom_mxor_u8            cpct_random
     000042FF  cpct_getRandom_mxor_u8_asm         cpct_random
     00004300  cpct_randomIdx_mxor_u8             cpct_random
     00004324  _cpct_mode_rom_status              cpct_firmware
     00004325  cpct_getScreenPtr_asm              cpct_video
     00004337  _cpct_mxor32_seed                  cpct_random
     0000433B  _cpct_nextRandom_mxor_u32          cpct_random
     0000433B  cpct_nextRandom_mxor_u32_asm       cpct_random
ASxxxx Linker V03.00 + NoICE + sdld,  page 3.

Files Linked                              [ module(s) ]

obj/main.rel                              [ Main ]
obj/managers/entity_manager.rel           [ Entity_Manager ]
obj/systems/generator.rel                 [ Generator_System ]
obj/systems/physics_system.rel            [ Physics_System ]
obj/systems/render_system.rel             [ Render_System ]


Libraries Linked                          [ object file ]

/home/cpc/Escritorio/cpctelera/cpctelera/cpctelera.lib
                                          [ cpct_setPalette_asmbindings.rel ]
/home/cpc/Escritorio/cpctelera/cpctelera/cpctelera.lib
                                          [ cpct_setPALColour_asmbindings.re ]
/home/cpc/Escritorio/cpctelera/cpctelera/cpctelera.lib
                                          [ cpct_setVideoMode_asmbindings.re ]
/home/cpc/Escritorio/cpctelera/cpctelera/cpctelera.lib
                                          [ cpct_waitVSYNC.rel ]
/home/cpc/Escritorio/cpctelera/cpctelera/cpctelera.lib
                                          [ cpct_drawSolidBox_asmbindings.re ]
/home/cpc/Escritorio/cpctelera/cpctelera/cpctelera.lib
                                          [ cpct_getRandom_mxor_u8.rel ]
/home/cpc/Escritorio/cpctelera/cpctelera/cpctelera.lib
                                          [ cpc_mode_rom_status.rel ]
/home/cpc/Escritorio/cpctelera/cpctelera/cpctelera.lib
                                          [ cpct_getScreenPtr_asmbindings.re ]
/home/cpc/Escritorio/cpctelera/cpctelera/cpctelera.lib
                                          [ cpct_mxor32_seed.rel ]
/home/cpc/Escritorio/cpctelera/cpctelera/cpctelera.lib
                                          [ cpct_nextRandom_mxor_u32.rel ]

ASxxxx Linker V03.00 + NoICE + sdld,  page 4.

User Base Address Definitions

_CODE = 0x4000
_DATA = 0x0000

