ASxxxx Linker V03.00 + NoICE + sdld,  page 1.
Hexadecimal  [32-Bits]

Area                                    Addr        Size        Decimal Bytes (Attributes)
--------------------------------        ----        ----        ------- ----- ------------
.  .ABS.                            00000000    00000000 =           0. bytes (ABS,CON)

      Value  Global                              Global Defined In Module
      -----  --------------------------------   ------------------------
     00000000  .__.ABS.                           cpct_video
     00000000  l__CABS                         
     00000000  l__DABS                         
     00000000  l__GSFINAL                      
     00000000  l__GSINIT                       
     00000000  l__HOME                         
     00000000  l__INITIALIZED                  
     00000000  l__INITIALIZER                  
     00000000  s__CABS                         
     00000000  s__DABS                         
     000000C4  l__DATA                         
     0000069E  l__CODE                         
     00004000  s__CODE                         
     0000469E  s__DATA                         
     00004762  s__GSFINAL                      
     00004762  s__GSINIT                       
     00004762  s__HOME                         
     00004762  s__INITIALIZED                  
     00004762  s__INITIALIZER                  

ASxxxx Linker V03.00 + NoICE + sdld,  page 2.
Hexadecimal  [32-Bits]

Area                                    Addr        Size        Decimal Bytes (Attributes)
--------------------------------        ----        ----        ------- ----- ------------
_CODE                               00004000    0000069E =        1694. bytes (REL,CON)

      Value  Global                              Global Defined In Module
      -----  --------------------------------   ------------------------
     00004000  _spr_enemy1_0                      enemy1
     00004064  _spr_enemy1_1                      enemy1
     000040C8  _spr_playership_0                  playership
     000040F8  _spr_playership_1                  playership
     00004128  _spr_mothership                    mothership
     0000426C  _main_palette                      main_palette
     0000427C  _main                              Main
     00004285  sys_ai_behaviour_mothership        Manager_IA
     00004289  sys_ai_behaviour_left_right        Manager_IA
     000042D3  _sys_ai_update                     Manager_IA
     00004332  _sys_physics_update                Control_physics
     0000437A  _sys_render_update                 Render_Stars
     00004384  _sys_render_init                   Render_Stars
     00004399  _man_entity_init                   Entity_Manager
     000043B4  _man_entity_create                 Entity_Manager
     000043CD  _man_entity_set_for_destruction    Entity_Manager
     000043F8  _man_entity_for_all                Entity_Manager
     00004432  _man_entity_for_all_matching       Entity_Manager
     0000447F  _man_entity_update                 Entity_Manager
     0000449F  _man_entity_free_space             Entity_Manager
     000044BB  man_game_create_template_entity    Game_Manager
     000044C9  man_game_init                      Game_Manager
     00004506  man_game_play                      Game_Manager
     0000451A  cpct_setPalette_asm                cpct_video
     0000452D  _cpct_scanKeyboard_f               cpct_keyboard
     0000452D  cpct_scanKeyboard_f_asm            cpct_keyboard
     00004597  _cpct_isKeyPressed                 cpct_keyboard
     00004597  cpct_isKeyPressed_asm              cpct_keyboard
     000045A3  cpct_setPALColour_asm              cpct_video
     000045AD  cpct_drawSprite_asm                cpct_sprites
     0000464D  _cpct_keyboardStatusBuffer         cpct_keyboard
     00004657  cpct_waitHalts_asm                 cpct_memutils
     0000465B  _cpct_waitVSYNC                    cpct_video
     0000465B  cpct_waitVSYNC_asm                 cpct_video
     00004663  cpct_setVideoMode_asm              cpct_video
     00004670  cpct_memset_asm                    cpct_memutils
     00004678  cpct_memcpy_asm                    cpct_memutils
     0000467B  _cpct_disableFirmware              cpct_firmware
     0000467B  _cpct_removeInterruptHandler       cpct_firmware
     0000467B  cpct_disableFirmware_asm           cpct_firmware
     0000467B  cpct_removeInterruptHandler_asm    cpct_firmware
     0000468B  _cpct_mode_rom_status              cpct_firmware
     0000468C  cpct_getScreenPtr_asm              cpct_video

ASxxxx Linker V03.00 + NoICE + sdld,  page 3.
Hexadecimal  [32-Bits]

Area                                    Addr        Size        Decimal Bytes (Attributes)
--------------------------------        ----        ----        ------- ----- ------------
_DATA                               0000469E    000000C4 =         196. bytes (REL,CON)

      Value  Global                              Global Defined In Module
      -----  --------------------------------   ------------------------
     0000469E  _m_palette                         Render_Stars
     000046AE  m_entities                         Entity_Manager
     00004733  m_next_free_entity                 Entity_Manager
     00004735  m_reserved_entites                 Entity_Manager
     00004736  mothership_template_e              Game_Manager
     00004741  enemy1_template_e                  Game_Manager
     0000474C  playership_template1_e             Game_Manager
     00004757  playership_template0_e             Game_Manager

ASxxxx Linker V03.00 + NoICE + sdld,  page 4.

Files Linked                              [ module(s) ]

obj/sprites/enemy1.rel                    [ enemy1 ]
obj/sprites/playership.rel                [ playership ]
obj/sprites/mothership.rel                [ mothership ]
obj/sprites/main_palette.rel              [ main_palette ]
obj/main.rel                              [ Main ]
obj/sys/ia.h.rel                          [  ]
obj/sys/ia.rel                            [ Manager_IA ]
obj/sys/physics.h.rel                     [  ]
obj/sys/physics.rel                       [ Control_physics ]
obj/sys/render.h.rel                      [  ]
obj/sys/render.rel                        [ Render_Stars ]
obj/man/entity.h.rel                      [  ]
obj/man/entity.rel                        [ Entity_Manager ]
obj/man/game.h.rel                        [  ]
obj/man/game.rel                          [ Game_Manager ]


Libraries Linked                          [ object file ]

/home/cpc/cpctelera/cpctelera/cpctelera.lib
                                          [ cpct_setPalette_asmbindings.rel ]
/home/cpc/cpctelera/cpctelera/cpctelera.lib
                                          [ cpct_scanKeyboard_f.rel ]
/home/cpc/cpctelera/cpctelera/cpctelera.lib
                                          [ cpct_isKeyPressed.rel ]
/home/cpc/cpctelera/cpctelera/cpctelera.lib
                                          [ cpct_setPALColour_asmbindings.re ]
/home/cpc/cpctelera/cpctelera/cpctelera.lib
                                          [ cpct_drawSprite_asmbindings.rel ]
/home/cpc/cpctelera/cpctelera/cpctelera.lib
                                          [ keyboard.rel ]
/home/cpc/cpctelera/cpctelera/cpctelera.lib
                                          [ cpct_waitHalts_asmbindings.rel ]
/home/cpc/cpctelera/cpctelera/cpctelera.lib
                                          [ cpct_waitVSYNC.rel ]
/home/cpc/cpctelera/cpctelera/cpctelera.lib
                                          [ cpct_setVideoMode_asmbindings.re ]
/home/cpc/cpctelera/cpctelera/cpctelera.lib
                                          [ cpct_memset_asmbinding.rel ]
/home/cpc/cpctelera/cpctelera/cpctelera.lib
                                          [ cpct_memcpy_asmbindings.rel ]
/home/cpc/cpctelera/cpctelera/cpctelera.lib
                                          [ cpct_removeInterruptHandler.rel ]
/home/cpc/cpctelera/cpctelera/cpctelera.lib
                                          [ cpc_mode_rom_status.rel ]
/home/cpc/cpctelera/cpctelera/cpctelera.lib
                                          [ cpct_getScreenPtr_asmbindings.re ]

ASxxxx Linker V03.00 + NoICE + sdld,  page 5.

User Base Address Definitions

_CODE = 0x4000
_DATA = 0x0000

