ASxxxx Linker V03.00 + NoICE + sdld,  page 1.
Hexadecimal  [32-Bits]

Area                                    Addr        Size        Decimal Bytes (Attributes)
--------------------------------        ----        ----        ------- ----- ------------
.  .ABS.                            00000000    00000000 =           0. bytes (ABS,CON)

      Value  Global                              Global Defined In Module
      -----  --------------------------------   ------------------------
     00000000  .__.ABS.                           cpct_video
     00000080  l__DATA                         
     00000271  l__CODE                         
     00004000  s__CODE                         
     00004271  s__DATA                         

ASxxxx Linker V03.00 + NoICE + sdld,  page 2.
Hexadecimal  [32-Bits]

Area                                    Addr        Size        Decimal Bytes (Attributes)
--------------------------------        ----        ----        ------- ----- ------------
_CODE                               00004000    00000271 =         625. bytes (REL,CON)

      Value  Global                              Global Defined In Module
      -----  --------------------------------   ------------------------
     00004000  _main                              Main
     00004020  _sys_physics_update                Control_physics
     00004061  _sys_render_update                 Render_Stars
     00004068  _sys_render_init                   Render_Stars
     0000409A  _man_entity_init                   Entity_Manager
     000040B5  _man_entity_create                 Entity_Manager
     000040CE  _man_entity_set_for_destruction    Entity_Manager
     000040F9  _man_entity_for_all                Entity_Manager
     00004130  _man_entity_update                 Entity_Manager
     00004150  _man_entity_free_space             Entity_Manager
     00004159  man_game_init                      Game_Manager
     0000415F  man_game_play                      Game_Manager
     0000416D  cpct_setPalette_asm                cpct_video
     00004180  cpct_setPALColour_asm              cpct_video
     0000418A  cpct_drawSprite_asm                cpct_sprites
     0000422A  cpct_waitHalts_asm                 cpct_memutils
     0000422E  _cpct_waitVSYNC                    cpct_video
     0000422E  cpct_waitVSYNC_asm                 cpct_video
     00004236  cpct_setVideoMode_asm              cpct_video
     00004243  cpct_memset_asm                    cpct_memutils
     0000424B  cpct_memcpy_asm                    cpct_memutils
     0000424E  _cpct_disableFirmware              cpct_firmware
     0000424E  _cpct_removeInterruptHandler       cpct_firmware
     0000424E  cpct_disableFirmware_asm           cpct_firmware
     0000424E  cpct_removeInterruptHandler_asm    cpct_firmware
     0000425E  _cpct_mode_rom_status              cpct_firmware
     0000425F  cpct_getScreenPtr_asm              cpct_video
ASxxxx Linker V03.00 + NoICE + sdld,  page 3.
Hexadecimal  [32-Bits]

Area                                    Addr        Size        Decimal Bytes (Attributes)
--------------------------------        ----        ----        ------- ----- ------------
_DATA                               00004271    00000080 =         128. bytes (REL,CON)

      Value  Global                              Global Defined In Module
      -----  --------------------------------   ------------------------
     00004271  _m_palette                         Render_Stars
     00004281  m_entities                         Entity_Manager
     000042EE  m_next_free_entity                 Entity_Manager
     000042F0  m_reserved_entites                 Entity_Manager

ASxxxx Linker V03.00 + NoICE + sdld,  page 4.

Files Linked                              [ module(s) ]

obj/main.rel                              [ Main ]
obj/sys/physics.h.rel                     [  ]
obj/sys/physics.rel                       [ Control_physics ]
obj/sys/render.h.rel                      [  ]
obj/sys/render.rel                        [ Render_Stars ]
obj/man/entity.h.rel                      [  ]
obj/man/entity.rel                        [ Entity_Manager ]
obj/man/game.h.rel                        [  ]
obj/man/game.rel                          [ Game_Manager ]


Libraries Linked                          [ object file ]

/home/cpc/cpctelera/cpctelera/cpctelera.lib
                                          [ cpct_setPalette_asmbindings.rel ]
/home/cpc/cpctelera/cpctelera/cpctelera.lib
                                          [ cpct_setPALColour_asmbindings.re ]
/home/cpc/cpctelera/cpctelera/cpctelera.lib
                                          [ cpct_drawSprite_asmbindings.rel ]
/home/cpc/cpctelera/cpctelera/cpctelera.lib
                                          [ cpct_waitHalts_asmbindings.rel ]
/home/cpc/cpctelera/cpctelera/cpctelera.lib
                                          [ cpct_waitVSYNC.rel ]
/home/cpc/cpctelera/cpctelera/cpctelera.lib
                                          [ cpct_setVideoMode_asmbindings.re ]
/home/cpc/cpctelera/cpctelera/cpctelera.lib
                                          [ cpct_memset_asmbinding.rel ]
/home/cpc/cpctelera/cpctelera/cpctelera.lib
                                          [ cpct_memcpy_asmbindings.rel ]
/home/cpc/cpctelera/cpctelera/cpctelera.lib
                                          [ cpct_removeInterruptHandler.rel ]
/home/cpc/cpctelera/cpctelera/cpctelera.lib
                                          [ cpc_mode_rom_status.rel ]
/home/cpc/cpctelera/cpctelera/cpctelera.lib
                                          [ cpct_getScreenPtr_asmbindings.re ]

ASxxxx Linker V03.00 + NoICE + sdld,  page 5.

User Base Address Definitions

_CODE = 0x4000
_DATA = 0x0000

