ASxxxx Linker V03.00 + NoICE + sdld,  page 1.
Hexadecimal  [32-Bits]

Area                                    Addr        Size        Decimal Bytes (Attributes)
--------------------------------        ----        ----        ------- ----- ------------
.  .ABS.                            00000000    00000000 =           0. bytes (ABS,CON)

      Value  Global                              Global Defined In Module
      -----  --------------------------------   ------------------------
     00000000  .__.ABS.                           cpct_video
     00000000  l__CABS                         
     00000000  l__DABS                         
     00000000  l__GSFINAL                      
     00000000  l__GSINIT                       
     00000000  l__HOME                         
     00000000  l__INITIALIZED                  
     00000000  l__INITIALIZER                  
     00000000  s__CABS                         
     00000000  s__DABS                         
     00000142  l__DATA                         
     000009D1  l__CODE                         
     00004000  s__CODE                         
     000049D1  s__DATA                         
     00004B13  s__GSFINAL                      
     00004B13  s__GSINIT                       
     00004B13  s__HOME                         
     00004B13  s__INITIALIZED                  
     00004B13  s__INITIALIZER                  

ASxxxx Linker V03.00 + NoICE + sdld,  page 2.
Hexadecimal  [32-Bits]

Area                                    Addr        Size        Decimal Bytes (Attributes)
--------------------------------        ----        ----        ------- ----- ------------
_CODE                               00004000    000009D1 =        2513. bytes (REL,CON)

      Value  Global                              Global Defined In Module
      -----  --------------------------------   ------------------------
     00004000  _spr_vshot                         vshot
     00004018  _spr_enemy1_0                      enemy1
     0000407C  _spr_enemy1_1                      enemy1
     000040E0  _spr_playership_0                  playership
     00004110  _spr_playership_1                  playership
     00004140  _spr_mothership                    mothership
     00004284  _main_palette                      main_palette
     00004294  _main                              Main
     000042F8  _sys_animations_update             System_Animation
     00004302  sys_collisions_update_entities     System_Animation
     00004351  _sys_collision_update              System_Animation
     0000435B  sys_ai_behaviour_enemy             System_IA
     0000436D  sys_ai_behaviour_autodestroy       System_IA
     0000437D  sys_ai_behaviour_mothership        System_IA
     0000438F  sys_ai_behaviour_left_right        System_IA
     000043D9  _sys_ai_update                     System_IA
     00004446  _sys_physics_update                System_physics
     000044A7  _sys_render_update                 System_Render
     000044B1  _sys_render_init                   System_Render
     000044C6  _man_entity_init                   Entity_Manager
     000044E1  _man_entity_create                 Entity_Manager
     00004500  _man_entity_clone                  Entity_Manager
     0000450E  _man_entity_set_for_destruction    Entity_Manager
     00004517  man_entity_destroy                 Entity_Manager
     00004539  _man_entity_for_all                Entity_Manager
     00004573  _man_entity_for_all_matching       Entity_Manager
     000045C4  _man_entity_for_all_pairs_matchi   Entity_Manager
     0000464C  _man_entity_update                 Entity_Manager
     0000466C  _man_entity_free_space             Entity_Manager
     00004688  man_game_create_template_entity    Game_Manager
     00004696  man_game_create_enemy              Game_Manager
     000046D2  man_game_enemy_lane_down           Game_Manager
     0000471C  man_game_entity_destroy            Game_Manager
     00004730  man_game_player_shot               Game_Manager
     00004753  man_game_init                      Game_Manager
     00004790  man_game_play                      Game_Manager
     000047AA  cpct_setPalette_asm                cpct_video
     000047BD  _cpct_scanKeyboard_f               cpct_keyboard
     000047BD  cpct_scanKeyboard_f_asm            cpct_keyboard
     00004827  _cpct_isKeyPressed                 cpct_keyboard
     00004827  cpct_isKeyPressed_asm              cpct_keyboard
     00004833  cpct_setPALColour_asm              cpct_video
     0000483D  cpct_drawSprite_asm                cpct_sprites
     000048DD  _cpct_keyboardStatusBuffer         cpct_keyboard
     000048E7  cpct_waitHalts_asm                 cpct_memutils
     000048EB  _cpct_waitVSYNC                    cpct_video
     000048EB  cpct_waitVSYNC_asm                 cpct_video
     000048F3  cpct_setVideoMode_asm              cpct_video
     00004900  cpct_memset_asm                    cpct_memutils
     00004908  cpct_memcpy_asm                    cpct_memutils
ASxxxx Linker V03.00 + NoICE + sdld,  page 3.
Hexadecimal  [32-Bits]

Area                                    Addr        Size        Decimal Bytes (Attributes)
--------------------------------        ----        ----        ------- ----- ------------
_CODE                               00004000    000009D1 =        2513. bytes (REL,CON)

      Value  Global                              Global Defined In Module
      -----  --------------------------------   ------------------------
     0000490B  _cpct_disableFirmware              cpct_firmware
     0000490B  _cpct_removeInterruptHandler       cpct_firmware
     0000490B  cpct_disableFirmware_asm           cpct_firmware
     0000490B  cpct_removeInterruptHandler_asm    cpct_firmware
     0000491B  cpct_drawSolidBox_asm              cpct_sprites
     000049BE  _cpct_mode_rom_status              cpct_firmware
     000049BF  cpct_getScreenPtr_asm              cpct_video
ASxxxx Linker V03.00 + NoICE + sdld,  page 4.
Hexadecimal  [32-Bits]

Area                                    Addr        Size        Decimal Bytes (Attributes)
--------------------------------        ----        ----        ------- ----- ------------
_DATA                               000049D1    00000142 =         322. bytes (REL,CON)

      Value  Global                              Global Defined In Module
      -----  --------------------------------   ------------------------
     000049D1  _m_palette                         System_Render
     000049E1  man_anim_enemy1                    Animation_Manager
     000049EA  m_entities                         Entity_Manager
     00004AB7  m_next_free_entity                 Entity_Manager
     00004AB9  m_reserved_entites                 Entity_Manager
     00004ABA  mothership_template_e              Templates_Manager
     00004ACB  enemy1_template_e                  Templates_Manager
     00004ADC  playership_template1_e             Templates_Manager
     00004AED  playership_template0_e             Templates_Manager
     00004AFE  playershot_template_e              Templates_Manager
     00004B0F  m_lane_status                      Game_Manager
     00004B12  m_player_shot                      Game_Manager
ASxxxx Linker V03.00 + NoICE + sdld,  page 5.

Files Linked                              [ module(s) ]

obj/sprites/vshot.rel                     [ vshot ]
obj/sprites/enemy1.rel                    [ enemy1 ]
obj/sprites/playership.rel                [ playership ]
obj/sprites/mothership.rel                [ mothership ]
obj/sprites/main_palette.rel              [ main_palette ]
obj/main.rel                              [ Main ]
obj/sys/animations.h.rel                  [  ]
obj/sys/animations.rel                    [ System_Animation ]
obj/sys/collision.h.rel                   [  ]
obj/sys/collision.rel                     [ System_Animation ]
obj/sys/ia.h.rel                          [  ]
obj/sys/ia.rel                            [ System_IA ]
obj/sys/physics.h.rel                     [  ]
obj/sys/physics.rel                       [ System_physics ]
obj/sys/render.h.rel                      [  ]
obj/sys/render.rel                        [ System_Render ]
obj/man/animation.h.rel                   [  ]
obj/man/animation.rel                     [ Animation_Manager ]
obj/man/entity.h.rel                      [  ]
obj/man/entity.rel                        [ Entity_Manager ]
obj/man/entity_templates.rel              [ Templates_Manager ]
obj/man/game.h.rel                        [  ]
obj/man/game.rel                          [ Game_Manager ]


Libraries Linked                          [ object file ]

/home/cpc/cpctelera/cpctelera/cpctelera.lib
                                          [ cpct_setPalette_asmbindings.rel ]
/home/cpc/cpctelera/cpctelera/cpctelera.lib
                                          [ cpct_scanKeyboard_f.rel ]
/home/cpc/cpctelera/cpctelera/cpctelera.lib
                                          [ cpct_isKeyPressed.rel ]
/home/cpc/cpctelera/cpctelera/cpctelera.lib
                                          [ cpct_setPALColour_asmbindings.re ]
/home/cpc/cpctelera/cpctelera/cpctelera.lib
                                          [ cpct_drawSprite_asmbindings.rel ]
/home/cpc/cpctelera/cpctelera/cpctelera.lib
                                          [ keyboard.rel ]
/home/cpc/cpctelera/cpctelera/cpctelera.lib
                                          [ cpct_waitHalts_asmbindings.rel ]
/home/cpc/cpctelera/cpctelera/cpctelera.lib
                                          [ cpct_waitVSYNC.rel ]
/home/cpc/cpctelera/cpctelera/cpctelera.lib
                                          [ cpct_setVideoMode_asmbindings.re ]
/home/cpc/cpctelera/cpctelera/cpctelera.lib
                                          [ cpct_memset_asmbinding.rel ]
/home/cpc/cpctelera/cpctelera/cpctelera.lib
                                          [ cpct_memcpy_asmbindings.rel ]
/home/cpc/cpctelera/cpctelera/cpctelera.lib
                                          [ cpct_removeInterruptHandler.rel ]
/home/cpc/cpctelera/cpctelera/cpctelera.lib
                                          [ cpct_drawSolidBox_asmbindings.re ]
/home/cpc/cpctelera/cpctelera/cpctelera.lib
                                          [ cpc_mode_rom_status.rel ]
/home/cpc/cpctelera/cpctelera/cpctelera.lib
                                          [ cpct_getScreenPtr_asmbindings.re ]

ASxxxx Linker V03.00 + NoICE + sdld,  page 6.

User Base Address Definitions

_CODE = 0x4000
_DATA = 0x0000

