ASxxxx Linker V03.00 + NoICE + sdld,  page 1.
Hexadecimal  [32-Bits]

Area                                    Addr        Size        Decimal Bytes (Attributes)
--------------------------------        ----        ----        ------- ----- ------------
.  .ABS.                            00000000    00000000 =           0. bytes (ABS,CON)

      Value  Global                              Global Defined In Module
      -----  --------------------------------   ------------------------
     00000000  .__.ABS.                           cpct_video
     00000000  l__CABS                         
     00000000  l__DABS                         
     00000000  l__GSFINAL                      
     00000000  l__GSINIT                       
     00000000  l__HOME                         
     00000000  l__INITIALIZED                  
     00000000  l__INITIALIZER                  
     00000000  s__CABS                         
     00000000  s__DABS                         
     0000009B  l__DATA                         
     000005A6  l__CODE                         
     00004000  s__CODE                         
     000045A6  s__DATA                         
     00004641  s__GSFINAL                      
     00004641  s__GSINIT                       
     00004641  s__HOME                         
     00004641  s__INITIALIZED                  
     00004641  s__INITIALIZER                  

ASxxxx Linker V03.00 + NoICE + sdld,  page 2.
Hexadecimal  [32-Bits]

Area                                    Addr        Size        Decimal Bytes (Attributes)
--------------------------------        ----        ----        ------- ----- ------------
_CODE                               00004000    000005A6 =        1446. bytes (REL,CON)

      Value  Global                              Global Defined In Module
      -----  --------------------------------   ------------------------
     00004000  _spr_playership_0                  playership
     00004030  _spr_playership_1                  playership
     00004060  _spr_mothership                    mothership
     000041A4  _main_palette                      main_palette
     000041B4  _main                              Main
     000041E7  _sys_ai_update                     Manager_IA
     00004246  _sys_physics_update                Control_physics
     0000428E  _sys_render_update                 Render_Stars
     00004298  _sys_render_init                   Render_Stars
     000042AD  _man_entity_init                   Entity_Manager
     000042C8  _man_entity_create                 Entity_Manager
     000042E1  _man_entity_set_for_destruction    Entity_Manager
     0000430C  _man_entity_for_all                Entity_Manager
     00004346  _man_entity_for_all_matching       Entity_Manager
     00004393  _man_entity_update                 Entity_Manager
     000043B3  _man_entity_free_space             Entity_Manager
     000043CF  man_game_create_template_entity    Game_Manager
     000043DD  man_game_init                      Game_Manager
     0000440E  man_game_play                      Game_Manager
     00004422  cpct_setPalette_asm                cpct_video
     00004435  _cpct_scanKeyboard_f               cpct_keyboard
     00004435  cpct_scanKeyboard_f_asm            cpct_keyboard
     0000449F  _cpct_isKeyPressed                 cpct_keyboard
     0000449F  cpct_isKeyPressed_asm              cpct_keyboard
     000044AB  cpct_setPALColour_asm              cpct_video
     000044B5  cpct_drawSprite_asm                cpct_sprites
     00004555  _cpct_keyboardStatusBuffer         cpct_keyboard
     0000455F  cpct_waitHalts_asm                 cpct_memutils
     00004563  _cpct_waitVSYNC                    cpct_video
     00004563  cpct_waitVSYNC_asm                 cpct_video
     0000456B  cpct_setVideoMode_asm              cpct_video
     00004578  cpct_memset_asm                    cpct_memutils
     00004580  cpct_memcpy_asm                    cpct_memutils
     00004583  _cpct_disableFirmware              cpct_firmware
     00004583  _cpct_removeInterruptHandler       cpct_firmware
     00004583  cpct_disableFirmware_asm           cpct_firmware
     00004583  cpct_removeInterruptHandler_asm    cpct_firmware
     00004593  _cpct_mode_rom_status              cpct_firmware
     00004594  cpct_getScreenPtr_asm              cpct_video
ASxxxx Linker V03.00 + NoICE + sdld,  page 3.
Hexadecimal  [32-Bits]

Area                                    Addr        Size        Decimal Bytes (Attributes)
--------------------------------        ----        ----        ------- ----- ------------
_DATA                               000045A6    0000009B =         155. bytes (REL,CON)

      Value  Global                              Global Defined In Module
      -----  --------------------------------   ------------------------
     000045A6  _m_palette                         Render_Stars
     000045B6  m_entities                         Entity_Manager
     00004623  m_next_free_entity                 Entity_Manager
     00004625  m_reserved_entites                 Entity_Manager
     00004626  mothership_template_e              Game_Manager
     0000462F  playership_template1_e             Game_Manager
     00004638  playership_template0_e             Game_Manager

ASxxxx Linker V03.00 + NoICE + sdld,  page 4.

Files Linked                              [ module(s) ]

obj/sprites/playership.rel                [ playership ]
obj/sprites/mothership.rel                [ mothership ]
obj/sprites/main_palette.rel              [ main_palette ]
obj/main.rel                              [ Main ]
obj/sys/ia.h.rel                          [  ]
obj/sys/ia.rel                            [ Manager_IA ]
obj/sys/physics.h.rel                     [  ]
obj/sys/physics.rel                       [ Control_physics ]
obj/sys/render.h.rel                      [  ]
obj/sys/render.rel                        [ Render_Stars ]
obj/man/entity.h.rel                      [  ]
obj/man/entity.rel                        [ Entity_Manager ]
obj/man/game.h.rel                        [  ]
obj/man/game.rel                          [ Game_Manager ]


Libraries Linked                          [ object file ]

/home/cpc/cpctelera/cpctelera/cpctelera.lib
                                          [ cpct_setPalette_asmbindings.rel ]
/home/cpc/cpctelera/cpctelera/cpctelera.lib
                                          [ cpct_scanKeyboard_f.rel ]
/home/cpc/cpctelera/cpctelera/cpctelera.lib
                                          [ cpct_isKeyPressed.rel ]
/home/cpc/cpctelera/cpctelera/cpctelera.lib
                                          [ cpct_setPALColour_asmbindings.re ]
/home/cpc/cpctelera/cpctelera/cpctelera.lib
                                          [ cpct_drawSprite_asmbindings.rel ]
/home/cpc/cpctelera/cpctelera/cpctelera.lib
                                          [ keyboard.rel ]
/home/cpc/cpctelera/cpctelera/cpctelera.lib
                                          [ cpct_waitHalts_asmbindings.rel ]
/home/cpc/cpctelera/cpctelera/cpctelera.lib
                                          [ cpct_waitVSYNC.rel ]
/home/cpc/cpctelera/cpctelera/cpctelera.lib
                                          [ cpct_setVideoMode_asmbindings.re ]
/home/cpc/cpctelera/cpctelera/cpctelera.lib
                                          [ cpct_memset_asmbinding.rel ]
/home/cpc/cpctelera/cpctelera/cpctelera.lib
                                          [ cpct_memcpy_asmbindings.rel ]
/home/cpc/cpctelera/cpctelera/cpctelera.lib
                                          [ cpct_removeInterruptHandler.rel ]
/home/cpc/cpctelera/cpctelera/cpctelera.lib
                                          [ cpc_mode_rom_status.rel ]
/home/cpc/cpctelera/cpctelera/cpctelera.lib
                                          [ cpct_getScreenPtr_asmbindings.re ]

ASxxxx Linker V03.00 + NoICE + sdld,  page 5.

User Base Address Definitions

_CODE = 0x4000
_DATA = 0x0000

